A preload for '<URL>' is found, but is not used because the request credentials mode does not match. Consider taking a look at crossorigin attribute.
A preload for '<URL>' is found, but is not used because the request credentials mode does not match. Consider taking a look at crossorigin attribute.
A preload for '<URL>' is found, but is not used because the request credentials mode does not match. Consider taking a look at crossorigin attribute.
A preload for '<URL>' is found, but is not used because the request credentials mode does not match. Consider taking a look at crossorigin attribute.
A preload for '<URL>' is found, but is not used because the request credentials mode does not match. Consider taking a look at crossorigin attribute.
A preload for '<URL>' is found, but is not used because the request credentials mode does not match. Consider taking a look at crossorigin attribute.
hotkeys-BHHWjLlp.js:1 No filename provided, using fallback
warn @ hotkeys-BHHWjLlp.js:1
panels--qFRfAnm.js:1 Uncaught (in promise) TypeError: aa is not a function
    at panels--qFRfAnm.js:1:34444
cells-CHqzxsjD.js:9 TypeError: aa is not a function
    at panels--qFRfAnm.js:1:34444
UT @ cells-CHqzxsjD.js:9
The resource <URL> was preloaded using link preload but not used within a few seconds from the window's load event. Please make sure it has an appropriate `as` value and it is preloaded intentionally.
The resource <URL> was preloaded using link preload but not used within a few seconds from the window's load event. Please make sure it has an appropriate `as` value and it is preloaded intentionally.
The resource <URL> was preloaded using link preload but not used within a few seconds from the window's load event. Please make sure it has an appropriate `as` value and it is preloaded intentionally.
The resource <URL> was preloaded using link preload but not used within a few seconds from the window's load event. Please make sure it has an appropriate `as` value and it is preloaded intentionally.
The resource <URL> was preloaded using link preload but not used within a few seconds from the window's load event. Please make sure it has an appropriate `as` value and it is preloaded intentionally.
The resource <URL> was preloaded using link preload but not used within a few seconds from the window's load event. Please make sure it has an appropriate `as` value and it is preloaded intentionally.
The resource <URL> was preloaded using link preload but not used within a few seconds from the window's load event. Please make sure it has an appropriate `as` value and it is preloaded intentionally.
The resource <URL> was preloaded using link preload but not used within a few seconds from the window's load event. Please make sure it has an appropriate `as` value and it is preloaded intentionally.
